<!DOCTYPE html><head><meta charset="utf-8"><meta name="viewport" content="width=device-width,initial-scale=1"><style>body{background-color:#000;color:#fff}</style><link rel="icon" type="image/x-icon" href="./images/favicon.ico"><title>Hello World!</title></head><body><h1>Hello World</h1><img src="./images/shubham-dhage-unsplash.jpg"><p id="js-target">This should be changed by JS</p><script>console.log("Running JS for browser"),document.querySelector("#js-target").innerHTML="Changed!"</script><script>console.log("in secondary.tsx")</script></body>