<!DOCTYPE html>
<html lang="en">
<head>
    <meta charset="UTF-8">
    <meta name="viewport" content="width=device-width, initial-scale=1.0">
    <title>Test</title>
    <style>/* /Users/bjorn/Documents/GitHub/bun-plugin-html/test/css/import.css */
html {
  color: #fff;
  background-color: #000;
}

/* test/css/main.css */
* {
  border-color: red;
}
</style>
</head>
<body>
    <p></p>
</body>
</html>
